MARS 4.5  Copyright 2003-2014 Pete Sanderson and Kenneth Vollmar

How tall do you want the tower: 1
How tall do you want the tower: 9
          A 
         * * 
        * * * 
       * * * * 
      * * * * * 
     * * * * * * 
    * * * * * * * 
   * * * * * * * * 
  * * * * * * * * * 
