MARS 4.5  Copyright 2003-2014 Pete Sanderson and Kenneth Vollmar

Welcome to the Thor Electrical Company!
Enter your age: 20
Enter your total consumption in kWh: 620
Mr Loki Laufeyson, your electricity bill is $61.82
