MARS 4.5  Copyright 2003-2014 Pete Sanderson and Kenneth Vollmar

Welcome to the Thor Electrical Company!
Enter your age: 40
Enter your total consumption in kWh: 8120
Mr Loki Laufeyson, your electricity bill is $1204.28
